// Jest Snapshot v1, https://goo.gl/fbAQLP

exports[`components ApplicationList render 1`] = `
ShallowWrapper {
  Symbol(enzyme.__root__): [Circular],
  Symbol(enzyme.__unrendered__): <ApplicationList
    list={
      Array [
        Object {
          "group_members": Array [],
          "id": 1,
          "is_member": false,
          "is_rep": false,
          "lottery": Object {
            "classroom_id": 1,
            "done": false,
            "end_of_drawing": "09:30:00",
            "id": 1,
            "index": 0,
            "name": "5A.0",
            "winners": Array [],
          },
          "status": "pending",
        },
        Object {
          "group_members": Array [
            Object {
              "public_id": "ABCD",
            },
            Object {
              "public_id": "EFGH",
            },
          ],
          "id": 2,
          "is_member": false,
          "is_rep": true,
          "lottery": Object {
            "classroom_id": 1,
            "done": false,
            "end_of_drawing": "09:30:00",
            "id": 2,
            "index": 0,
            "name": "5A.0",
            "winners": Array [],
          },
          "status": "pending",
        },
      ]
    }
    onCancel={[MockFunction]}
  />,
  Symbol(enzyme.__renderer__): Object {
    "batchedUpdates": [Function],
    "getNode": [Function],
    "render": [Function],
    "simulateEvent": [Function],
    "unmount": [Function],
  },
  Symbol(enzyme.__node__): Object {
    "instance": null,
    "key": undefined,
    "nodeType": "host",
    "props": Object {
      "children": Array [
        <div
          data-test="applicationlist-application"
        >
          <div
            className="card"
          >
            <header
              className="card-header"
            >
              <p
                className="card-header-title"
              >
                5A
              </p>
              <styled.span>
                <StatusTag
                  status="pending"
                />
              </styled.span>
            </header>
            <div
              className="card-content"
            >
              <div
                className="content"
                data-test="applicationlist-body"
              >
                <p>
                  第
                  <b>
                    2
                  </b>
                  公演
                </p>
                <p>
                  抽選結果発表: 
                  <b>
                    09:30:00
                  </b>
                </p>
              </div>
            </div>
            <footer
              className="card-footer"
            >
              <a
                className="card-footer-item has-text-danger"
                data-test="applicationlist-cancel"
                onClick={[Function]}
              >
                キャンセル
              </a>
            </footer>
          </div>
        </div>,
        <div
          data-test="applicationlist-application"
        >
          <div
            className="card"
          >
            <header
              className="card-header"
            >
              <p
                className="card-header-title"
              >
                5A
              </p>
              <styled.span>
                <StatusTag
                  status="pending"
                />
              </styled.span>
            </header>
            <div
              className="card-content"
            >
              <div
                className="content"
                data-test="applicationlist-body"
              >
                <p>
                  第
                  <b>
                    2
                  </b>
                  公演
                </p>
                <p>
                  抽選結果発表: 
                  <b>
                    09:30:00
                  </b>
                </p>
                <p>
                  団体応募代表者です
                </p>
                <div>
                  <p>
                    一緒に応募した人: 
                    <b>
                      ABCD, EFGH
                    </b>
                  </p>
                  <styled.p>
                    団体応募代表者がキャンセルすると、メンバー全員がキャンセルされます。
                  </styled.p>
                </div>
              </div>
            </div>
            <footer
              className="card-footer"
            >
              <a
                className="card-footer-item has-text-danger"
                data-test="applicationlist-cancel"
                onClick={[Function]}
              >
                キャンセル
              </a>
            </footer>
          </div>
        </div>,
      ],
    },
    "ref": null,
    "rendered": Array [
      Object {
        "instance": null,
        "key": "0",
        "nodeType": "host",
        "props": Object {
          "children": <div
            className="card"
          >
            <header
              className="card-header"
            >
              <p
                className="card-header-title"
              >
                5A
              </p>
              <styled.span>
                <StatusTag
                  status="pending"
                />
              </styled.span>
            </header>
            <div
              className="card-content"
            >
              <div
                className="content"
                data-test="applicationlist-body"
              >
                <p>
                  第
                  <b>
                    2
                  </b>
                  公演
                </p>
                <p>
                  抽選結果発表: 
                  <b>
                    09:30:00
                  </b>
                </p>
              </div>
            </div>
            <footer
              className="card-footer"
            >
              <a
                className="card-footer-item has-text-danger"
                data-test="applicationlist-cancel"
                onClick={[Function]}
              >
                キャンセル
              </a>
            </footer>
          </div>,
          "data-test": "applicationlist-application",
        },
        "ref": null,
        "rendered": Object {
          "instance": null,
          "key": undefined,
          "nodeType": "host",
          "props": Object {
            "children": Array [
              <header
                className="card-header"
              >
                <p
                  className="card-header-title"
                >
                  5A
                </p>
                <styled.span>
                  <StatusTag
                    status="pending"
                  />
                </styled.span>
              </header>,
              <div
                className="card-content"
              >
                <div
                  className="content"
                  data-test="applicationlist-body"
                >
                  <p>
                    第
                    <b>
                      2
                    </b>
                    公演
                  </p>
                  <p>
                    抽選結果発表: 
                    <b>
                      09:30:00
                    </b>
                  </p>
                </div>
              </div>,
              <footer
                className="card-footer"
              >
                <a
                  className="card-footer-item has-text-danger"
                  data-test="applicationlist-cancel"
                  onClick={[Function]}
                >
                  キャンセル
                </a>
              </footer>,
            ],
            "className": "card",
          },
          "ref": null,
          "rendered": Array [
            Object {
              "instance": null,
              "key": undefined,
              "nodeType": "host",
              "props": Object {
                "children": Array [
                  <p
                    className="card-header-title"
                  >
                    5A
                  </p>,
                  <styled.span>
                    <StatusTag
                      status="pending"
                    />
                  </styled.span>,
                ],
                "className": "card-header",
              },
              "ref": null,
              "rendered": Array [
                Object {
                  "instance": null,
                  "key": undefined,
                  "nodeType": "host",
                  "props": Object {
                    "children": "5A",
                    "className": "card-header-title",
                  },
                  "ref": null,
                  "rendered": "5A",
                  "type": "p",
                },
                Object {
                  "instance": null,
                  "key": undefined,
                  "nodeType": "class",
                  "props": Object {
                    "children": <StatusTag
                      status="pending"
                    />,
                  },
                  "ref": null,
                  "rendered": Object {
                    "instance": null,
                    "key": undefined,
                    "nodeType": "class",
                    "props": Object {
                      "status": "pending",
                    },
                    "ref": null,
                    "rendered": null,
                    "type": [Function],
                  },
                  "type": [Function],
                },
              ],
              "type": "header",
            },
            Object {
              "instance": null,
              "key": undefined,
              "nodeType": "host",
              "props": Object {
                "children": <div
                  className="content"
                  data-test="applicationlist-body"
                >
                  <p>
                    第
                    <b>
                      2
                    </b>
                    公演
                  </p>
                  <p>
                    抽選結果発表: 
                    <b>
                      09:30:00
                    </b>
                  </p>
                </div>,
                "className": "card-content",
              },
              "ref": null,
              "rendered": Object {
                "instance": null,
                "key": undefined,
                "nodeType": "host",
                "props": Object {
                  "children": Array [
                    <p>
                      第
                      <b>
                        2
                      </b>
                      公演
                    </p>,
                    <p>
                      抽選結果発表: 
                      <b>
                        09:30:00
                      </b>
                    </p>,
                    false,
                    false,
                    false,
                  ],
                  "className": "content",
                  "data-test": "applicationlist-body",
                },
                "ref": null,
                "rendered": Array [
                  Object {
                    "instance": null,
                    "key": undefined,
                    "nodeType": "host",
                    "props": Object {
                      "children": Array [
                        "第",
                        <b>
                          2
                        </b>,
                        "公演",
                      ],
                    },
                    "ref": null,
                    "rendered": Array [
                      "第",
                      Object {
                        "instance": null,
                        "key": undefined,
                        "nodeType": "host",
                        "props": Object {
                          "children": 2,
                        },
                        "ref": null,
                        "rendered": 2,
                        "type": "b",
                      },
                      "公演",
                    ],
                    "type": "p",
                  },
                  Object {
                    "instance": null,
                    "key": undefined,
                    "nodeType": "host",
                    "props": Object {
                      "children": Array [
                        "抽選結果発表: ",
                        <b>
                          09:30:00
                        </b>,
                      ],
                    },
                    "ref": null,
                    "rendered": Array [
                      "抽選結果発表: ",
                      Object {
                        "instance": null,
                        "key": undefined,
                        "nodeType": "host",
                        "props": Object {
                          "children": "09:30:00",
                        },
                        "ref": null,
                        "rendered": "09:30:00",
                        "type": "b",
                      },
                    ],
                    "type": "p",
                  },
                  false,
                  false,
                  false,
                ],
                "type": "div",
              },
              "type": "div",
            },
            Object {
              "instance": null,
              "key": undefined,
              "nodeType": "host",
              "props": Object {
                "children": <a
                  className="card-footer-item has-text-danger"
                  data-test="applicationlist-cancel"
                  onClick={[Function]}
                >
                  キャンセル
                </a>,
                "className": "card-footer",
              },
              "ref": null,
              "rendered": Object {
                "instance": null,
                "key": undefined,
                "nodeType": "host",
                "props": Object {
                  "children": "キャンセル",
                  "className": "card-footer-item has-text-danger",
                  "data-test": "applicationlist-cancel",
                  "onClick": [Function],
                },
                "ref": null,
                "rendered": "キャンセル",
                "type": "a",
              },
              "type": "footer",
            },
          ],
          "type": "div",
        },
        "type": "div",
      },
      Object {
        "instance": null,
        "key": "1",
        "nodeType": "host",
        "props": Object {
          "children": <div
            className="card"
          >
            <header
              className="card-header"
            >
              <p
                className="card-header-title"
              >
                5A
              </p>
              <styled.span>
                <StatusTag
                  status="pending"
                />
              </styled.span>
            </header>
            <div
              className="card-content"
            >
              <div
                className="content"
                data-test="applicationlist-body"
              >
                <p>
                  第
                  <b>
                    2
                  </b>
                  公演
                </p>
                <p>
                  抽選結果発表: 
                  <b>
                    09:30:00
                  </b>
                </p>
                <p>
                  団体応募代表者です
                </p>
                <div>
                  <p>
                    一緒に応募した人: 
                    <b>
                      ABCD, EFGH
                    </b>
                  </p>
                  <styled.p>
                    団体応募代表者がキャンセルすると、メンバー全員がキャンセルされます。
                  </styled.p>
                </div>
              </div>
            </div>
            <footer
              className="card-footer"
            >
              <a
                className="card-footer-item has-text-danger"
                data-test="applicationlist-cancel"
                onClick={[Function]}
              >
                キャンセル
              </a>
            </footer>
          </div>,
          "data-test": "applicationlist-application",
        },
        "ref": null,
        "rendered": Object {
          "instance": null,
          "key": undefined,
          "nodeType": "host",
          "props": Object {
            "children": Array [
              <header
                className="card-header"
              >
                <p
                  className="card-header-title"
                >
                  5A
                </p>
                <styled.span>
                  <StatusTag
                    status="pending"
                  />
                </styled.span>
              </header>,
              <div
                className="card-content"
              >
                <div
                  className="content"
                  data-test="applicationlist-body"
                >
                  <p>
                    第
                    <b>
                      2
                    </b>
                    公演
                  </p>
                  <p>
                    抽選結果発表: 
                    <b>
                      09:30:00
                    </b>
                  </p>
                  <p>
                    団体応募代表者です
                  </p>
                  <div>
                    <p>
                      一緒に応募した人: 
                      <b>
                        ABCD, EFGH
                      </b>
                    </p>
                    <styled.p>
                      団体応募代表者がキャンセルすると、メンバー全員がキャンセルされます。
                    </styled.p>
                  </div>
                </div>
              </div>,
              <footer
                className="card-footer"
              >
                <a
                  className="card-footer-item has-text-danger"
                  data-test="applicationlist-cancel"
                  onClick={[Function]}
                >
                  キャンセル
                </a>
              </footer>,
            ],
            "className": "card",
          },
          "ref": null,
          "rendered": Array [
            Object {
              "instance": null,
              "key": undefined,
              "nodeType": "host",
              "props": Object {
                "children": Array [
                  <p
                    className="card-header-title"
                  >
                    5A
                  </p>,
                  <styled.span>
                    <StatusTag
                      status="pending"
                    />
                  </styled.span>,
                ],
                "className": "card-header",
              },
              "ref": null,
              "rendered": Array [
                Object {
                  "instance": null,
                  "key": undefined,
                  "nodeType": "host",
                  "props": Object {
                    "children": "5A",
                    "className": "card-header-title",
                  },
                  "ref": null,
                  "rendered": "5A",
                  "type": "p",
                },
                Object {
                  "instance": null,
                  "key": undefined,
                  "nodeType": "class",
                  "props": Object {
                    "children": <StatusTag
                      status="pending"
                    />,
                  },
                  "ref": null,
                  "rendered": Object {
                    "instance": null,
                    "key": undefined,
                    "nodeType": "class",
                    "props": Object {
                      "status": "pending",
                    },
                    "ref": null,
                    "rendered": null,
                    "type": [Function],
                  },
                  "type": [Function],
                },
              ],
              "type": "header",
            },
            Object {
              "instance": null,
              "key": undefined,
              "nodeType": "host",
              "props": Object {
                "children": <div
                  className="content"
                  data-test="applicationlist-body"
                >
                  <p>
                    第
                    <b>
                      2
                    </b>
                    公演
                  </p>
                  <p>
                    抽選結果発表: 
                    <b>
                      09:30:00
                    </b>
                  </p>
                  <p>
                    団体応募代表者です
                  </p>
                  <div>
                    <p>
                      一緒に応募した人: 
                      <b>
                        ABCD, EFGH
                      </b>
                    </p>
                    <styled.p>
                      団体応募代表者がキャンセルすると、メンバー全員がキャンセルされます。
                    </styled.p>
                  </div>
                </div>,
                "className": "card-content",
              },
              "ref": null,
              "rendered": Object {
                "instance": null,
                "key": undefined,
                "nodeType": "host",
                "props": Object {
                  "children": Array [
                    <p>
                      第
                      <b>
                        2
                      </b>
                      公演
                    </p>,
                    <p>
                      抽選結果発表: 
                      <b>
                        09:30:00
                      </b>
                    </p>,
                    <p>
                      団体応募代表者です
                    </p>,
                    false,
                    <div>
                      <p>
                        一緒に応募した人: 
                        <b>
                          ABCD, EFGH
                        </b>
                      </p>
                      <styled.p>
                        団体応募代表者がキャンセルすると、メンバー全員がキャンセルされます。
                      </styled.p>
                    </div>,
                  ],
                  "className": "content",
                  "data-test": "applicationlist-body",
                },
                "ref": null,
                "rendered": Array [
                  Object {
                    "instance": null,
                    "key": undefined,
                    "nodeType": "host",
                    "props": Object {
                      "children": Array [
                        "第",
                        <b>
                          2
                        </b>,
                        "公演",
                      ],
                    },
                    "ref": null,
                    "rendered": Array [
                      "第",
                      Object {
                        "instance": null,
                        "key": undefined,
                        "nodeType": "host",
                        "props": Object {
                          "children": 2,
                        },
                        "ref": null,
                        "rendered": 2,
                        "type": "b",
                      },
                      "公演",
                    ],
                    "type": "p",
                  },
                  Object {
                    "instance": null,
                    "key": undefined,
                    "nodeType": "host",
                    "props": Object {
                      "children": Array [
                        "抽選結果発表: ",
                        <b>
                          09:30:00
                        </b>,
                      ],
                    },
                    "ref": null,
                    "rendered": Array [
                      "抽選結果発表: ",
                      Object {
                        "instance": null,
                        "key": undefined,
                        "nodeType": "host",
                        "props": Object {
                          "children": "09:30:00",
                        },
                        "ref": null,
                        "rendered": "09:30:00",
                        "type": "b",
                      },
                    ],
                    "type": "p",
                  },
                  Object {
                    "instance": null,
                    "key": undefined,
                    "nodeType": "host",
                    "props": Object {
                      "children": "団体応募代表者です",
                    },
                    "ref": null,
                    "rendered": "団体応募代表者です",
                    "type": "p",
                  },
                  false,
                  Object {
                    "instance": null,
                    "key": undefined,
                    "nodeType": "host",
                    "props": Object {
                      "children": Array [
                        <p>
                          一緒に応募した人: 
                          <b>
                            ABCD, EFGH
                          </b>
                        </p>,
                        <styled.p>
                          団体応募代表者がキャンセルすると、メンバー全員がキャンセルされます。
                        </styled.p>,
                      ],
                    },
                    "ref": null,
                    "rendered": Array [
                      Object {
                        "instance": null,
                        "key": undefined,
                        "nodeType": "host",
                        "props": Object {
                          "children": Array [
                            "一緒に応募した人: ",
                            <b>
                              ABCD, EFGH
                            </b>,
                          ],
                        },
                        "ref": null,
                        "rendered": Array [
                          "一緒に応募した人: ",
                          Object {
                            "instance": null,
                            "key": undefined,
                            "nodeType": "host",
                            "props": Object {
                              "children": "ABCD, EFGH",
                            },
                            "ref": null,
                            "rendered": "ABCD, EFGH",
                            "type": "b",
                          },
                        ],
                        "type": "p",
                      },
                      Object {
                        "instance": null,
                        "key": undefined,
                        "nodeType": "class",
                        "props": Object {
                          "children": "団体応募代表者がキャンセルすると、メンバー全員がキャンセルされます。",
                        },
                        "ref": null,
                        "rendered": "団体応募代表者がキャンセルすると、メンバー全員がキャンセルされます。",
                        "type": [Function],
                      },
                    ],
                    "type": "div",
                  },
                ],
                "type": "div",
              },
              "type": "div",
            },
            Object {
              "instance": null,
              "key": undefined,
              "nodeType": "host",
              "props": Object {
                "children": <a
                  className="card-footer-item has-text-danger"
                  data-test="applicationlist-cancel"
                  onClick={[Function]}
                >
                  キャンセル
                </a>,
                "className": "card-footer",
              },
              "ref": null,
              "rendered": Object {
                "instance": null,
                "key": undefined,
                "nodeType": "host",
                "props": Object {
                  "children": "キャンセル",
                  "className": "card-footer-item has-text-danger",
                  "data-test": "applicationlist-cancel",
                  "onClick": [Function],
                },
                "ref": null,
                "rendered": "キャンセル",
                "type": "a",
              },
              "type": "footer",
            },
          ],
          "type": "div",
        },
        "type": "div",
      },
    ],
    "type": "div",
  },
  Symbol(enzyme.__nodes__): Array [
    Object {
      "instance": null,
      "key": undefined,
      "nodeType": "host",
      "props": Object {
        "children": Array [
          <div
            data-test="applicationlist-application"
          >
            <div
              className="card"
            >
              <header
                className="card-header"
              >
                <p
                  className="card-header-title"
                >
                  5A
                </p>
                <styled.span>
                  <StatusTag
                    status="pending"
                  />
                </styled.span>
              </header>
              <div
                className="card-content"
              >
                <div
                  className="content"
                  data-test="applicationlist-body"
                >
                  <p>
                    第
                    <b>
                      2
                    </b>
                    公演
                  </p>
                  <p>
                    抽選結果発表: 
                    <b>
                      09:30:00
                    </b>
                  </p>
                </div>
              </div>
              <footer
                className="card-footer"
              >
                <a
                  className="card-footer-item has-text-danger"
                  data-test="applicationlist-cancel"
                  onClick={[Function]}
                >
                  キャンセル
                </a>
              </footer>
            </div>
          </div>,
          <div
            data-test="applicationlist-application"
          >
            <div
              className="card"
            >
              <header
                className="card-header"
              >
                <p
                  className="card-header-title"
                >
                  5A
                </p>
                <styled.span>
                  <StatusTag
                    status="pending"
                  />
                </styled.span>
              </header>
              <div
                className="card-content"
              >
                <div
                  className="content"
                  data-test="applicationlist-body"
                >
                  <p>
                    第
                    <b>
                      2
                    </b>
                    公演
                  </p>
                  <p>
                    抽選結果発表: 
                    <b>
                      09:30:00
                    </b>
                  </p>
                  <p>
                    団体応募代表者です
                  </p>
                  <div>
                    <p>
                      一緒に応募した人: 
                      <b>
                        ABCD, EFGH
                      </b>
                    </p>
                    <styled.p>
                      団体応募代表者がキャンセルすると、メンバー全員がキャンセルされます。
                    </styled.p>
                  </div>
                </div>
              </div>
              <footer
                className="card-footer"
              >
                <a
                  className="card-footer-item has-text-danger"
                  data-test="applicationlist-cancel"
                  onClick={[Function]}
                >
                  キャンセル
                </a>
              </footer>
            </div>
          </div>,
        ],
      },
      "ref": null,
      "rendered": Array [
        Object {
          "instance": null,
          "key": "0",
          "nodeType": "host",
          "props": Object {
            "children": <div
              className="card"
            >
              <header
                className="card-header"
              >
                <p
                  className="card-header-title"
                >
                  5A
                </p>
                <styled.span>
                  <StatusTag
                    status="pending"
                  />
                </styled.span>
              </header>
              <div
                className="card-content"
              >
                <div
                  className="content"
                  data-test="applicationlist-body"
                >
                  <p>
                    第
                    <b>
                      2
                    </b>
                    公演
                  </p>
                  <p>
                    抽選結果発表: 
                    <b>
                      09:30:00
                    </b>
                  </p>
                </div>
              </div>
              <footer
                className="card-footer"
              >
                <a
                  className="card-footer-item has-text-danger"
                  data-test="applicationlist-cancel"
                  onClick={[Function]}
                >
                  キャンセル
                </a>
              </footer>
            </div>,
            "data-test": "applicationlist-application",
          },
          "ref": null,
          "rendered": Object {
            "instance": null,
            "key": undefined,
            "nodeType": "host",
            "props": Object {
              "children": Array [
                <header
                  className="card-header"
                >
                  <p
                    className="card-header-title"
                  >
                    5A
                  </p>
                  <styled.span>
                    <StatusTag
                      status="pending"
                    />
                  </styled.span>
                </header>,
                <div
                  className="card-content"
                >
                  <div
                    className="content"
                    data-test="applicationlist-body"
                  >
                    <p>
                      第
                      <b>
                        2
                      </b>
                      公演
                    </p>
                    <p>
                      抽選結果発表: 
                      <b>
                        09:30:00
                      </b>
                    </p>
                  </div>
                </div>,
                <footer
                  className="card-footer"
                >
                  <a
                    className="card-footer-item has-text-danger"
                    data-test="applicationlist-cancel"
                    onClick={[Function]}
                  >
                    キャンセル
                  </a>
                </footer>,
              ],
              "className": "card",
            },
            "ref": null,
            "rendered": Array [
              Object {
                "instance": null,
                "key": undefined,
                "nodeType": "host",
                "props": Object {
                  "children": Array [
                    <p
                      className="card-header-title"
                    >
                      5A
                    </p>,
                    <styled.span>
                      <StatusTag
                        status="pending"
                      />
                    </styled.span>,
                  ],
                  "className": "card-header",
                },
                "ref": null,
                "rendered": Array [
                  Object {
                    "instance": null,
                    "key": undefined,
                    "nodeType": "host",
                    "props": Object {
                      "children": "5A",
                      "className": "card-header-title",
                    },
                    "ref": null,
                    "rendered": "5A",
                    "type": "p",
                  },
                  Object {
                    "instance": null,
                    "key": undefined,
                    "nodeType": "class",
                    "props": Object {
                      "children": <StatusTag
                        status="pending"
                      />,
                    },
                    "ref": null,
                    "rendered": Object {
                      "instance": null,
                      "key": undefined,
                      "nodeType": "class",
                      "props": Object {
                        "status": "pending",
                      },
                      "ref": null,
                      "rendered": null,
                      "type": [Function],
                    },
                    "type": [Function],
                  },
                ],
                "type": "header",
              },
              Object {
                "instance": null,
                "key": undefined,
                "nodeType": "host",
                "props": Object {
                  "children": <div
                    className="content"
                    data-test="applicationlist-body"
                  >
                    <p>
                      第
                      <b>
                        2
                      </b>
                      公演
                    </p>
                    <p>
                      抽選結果発表: 
                      <b>
                        09:30:00
                      </b>
                    </p>
                  </div>,
                  "className": "card-content",
                },
                "ref": null,
                "rendered": Object {
                  "instance": null,
                  "key": undefined,
                  "nodeType": "host",
                  "props": Object {
                    "children": Array [
                      <p>
                        第
                        <b>
                          2
                        </b>
                        公演
                      </p>,
                      <p>
                        抽選結果発表: 
                        <b>
                          09:30:00
                        </b>
                      </p>,
                      false,
                      false,
                      false,
                    ],
                    "className": "content",
                    "data-test": "applicationlist-body",
                  },
                  "ref": null,
                  "rendered": Array [
                    Object {
                      "instance": null,
                      "key": undefined,
                      "nodeType": "host",
                      "props": Object {
                        "children": Array [
                          "第",
                          <b>
                            2
                          </b>,
                          "公演",
                        ],
                      },
                      "ref": null,
                      "rendered": Array [
                        "第",
                        Object {
                          "instance": null,
                          "key": undefined,
                          "nodeType": "host",
                          "props": Object {
                            "children": 2,
                          },
                          "ref": null,
                          "rendered": 2,
                          "type": "b",
                        },
                        "公演",
                      ],
                      "type": "p",
                    },
                    Object {
                      "instance": null,
                      "key": undefined,
                      "nodeType": "host",
                      "props": Object {
                        "children": Array [
                          "抽選結果発表: ",
                          <b>
                            09:30:00
                          </b>,
                        ],
                      },
                      "ref": null,
                      "rendered": Array [
                        "抽選結果発表: ",
                        Object {
                          "instance": null,
                          "key": undefined,
                          "nodeType": "host",
                          "props": Object {
                            "children": "09:30:00",
                          },
                          "ref": null,
                          "rendered": "09:30:00",
                          "type": "b",
                        },
                      ],
                      "type": "p",
                    },
                    false,
                    false,
                    false,
                  ],
                  "type": "div",
                },
                "type": "div",
              },
              Object {
                "instance": null,
                "key": undefined,
                "nodeType": "host",
                "props": Object {
                  "children": <a
                    className="card-footer-item has-text-danger"
                    data-test="applicationlist-cancel"
                    onClick={[Function]}
                  >
                    キャンセル
                  </a>,
                  "className": "card-footer",
                },
                "ref": null,
                "rendered": Object {
                  "instance": null,
                  "key": undefined,
                  "nodeType": "host",
                  "props": Object {
                    "children": "キャンセル",
                    "className": "card-footer-item has-text-danger",
                    "data-test": "applicationlist-cancel",
                    "onClick": [Function],
                  },
                  "ref": null,
                  "rendered": "キャンセル",
                  "type": "a",
                },
                "type": "footer",
              },
            ],
            "type": "div",
          },
          "type": "div",
        },
        Object {
          "instance": null,
          "key": "1",
          "nodeType": "host",
          "props": Object {
            "children": <div
              className="card"
            >
              <header
                className="card-header"
              >
                <p
                  className="card-header-title"
                >
                  5A
                </p>
                <styled.span>
                  <StatusTag
                    status="pending"
                  />
                </styled.span>
              </header>
              <div
                className="card-content"
              >
                <div
                  className="content"
                  data-test="applicationlist-body"
                >
                  <p>
                    第
                    <b>
                      2
                    </b>
                    公演
                  </p>
                  <p>
                    抽選結果発表: 
                    <b>
                      09:30:00
                    </b>
                  </p>
                  <p>
                    団体応募代表者です
                  </p>
                  <div>
                    <p>
                      一緒に応募した人: 
                      <b>
                        ABCD, EFGH
                      </b>
                    </p>
                    <styled.p>
                      団体応募代表者がキャンセルすると、メンバー全員がキャンセルされます。
                    </styled.p>
                  </div>
                </div>
              </div>
              <footer
                className="card-footer"
              >
                <a
                  className="card-footer-item has-text-danger"
                  data-test="applicationlist-cancel"
                  onClick={[Function]}
                >
                  キャンセル
                </a>
              </footer>
            </div>,
            "data-test": "applicationlist-application",
          },
          "ref": null,
          "rendered": Object {
            "instance": null,
            "key": undefined,
            "nodeType": "host",
            "props": Object {
              "children": Array [
                <header
                  className="card-header"
                >
                  <p
                    className="card-header-title"
                  >
                    5A
                  </p>
                  <styled.span>
                    <StatusTag
                      status="pending"
                    />
                  </styled.span>
                </header>,
                <div
                  className="card-content"
                >
                  <div
                    className="content"
                    data-test="applicationlist-body"
                  >
                    <p>
                      第
                      <b>
                        2
                      </b>
                      公演
                    </p>
                    <p>
                      抽選結果発表: 
                      <b>
                        09:30:00
                      </b>
                    </p>
                    <p>
                      団体応募代表者です
                    </p>
                    <div>
                      <p>
                        一緒に応募した人: 
                        <b>
                          ABCD, EFGH
                        </b>
                      </p>
                      <styled.p>
                        団体応募代表者がキャンセルすると、メンバー全員がキャンセルされます。
                      </styled.p>
                    </div>
                  </div>
                </div>,
                <footer
                  className="card-footer"
                >
                  <a
                    className="card-footer-item has-text-danger"
                    data-test="applicationlist-cancel"
                    onClick={[Function]}
                  >
                    キャンセル
                  </a>
                </footer>,
              ],
              "className": "card",
            },
            "ref": null,
            "rendered": Array [
              Object {
                "instance": null,
                "key": undefined,
                "nodeType": "host",
                "props": Object {
                  "children": Array [
                    <p
                      className="card-header-title"
                    >
                      5A
                    </p>,
                    <styled.span>
                      <StatusTag
                        status="pending"
                      />
                    </styled.span>,
                  ],
                  "className": "card-header",
                },
                "ref": null,
                "rendered": Array [
                  Object {
                    "instance": null,
                    "key": undefined,
                    "nodeType": "host",
                    "props": Object {
                      "children": "5A",
                      "className": "card-header-title",
                    },
                    "ref": null,
                    "rendered": "5A",
                    "type": "p",
                  },
                  Object {
                    "instance": null,
                    "key": undefined,
                    "nodeType": "class",
                    "props": Object {
                      "children": <StatusTag
                        status="pending"
                      />,
                    },
                    "ref": null,
                    "rendered": Object {
                      "instance": null,
                      "key": undefined,
                      "nodeType": "class",
                      "props": Object {
                        "status": "pending",
                      },
                      "ref": null,
                      "rendered": null,
                      "type": [Function],
                    },
                    "type": [Function],
                  },
                ],
                "type": "header",
              },
              Object {
                "instance": null,
                "key": undefined,
                "nodeType": "host",
                "props": Object {
                  "children": <div
                    className="content"
                    data-test="applicationlist-body"
                  >
                    <p>
                      第
                      <b>
                        2
                      </b>
                      公演
                    </p>
                    <p>
                      抽選結果発表: 
                      <b>
                        09:30:00
                      </b>
                    </p>
                    <p>
                      団体応募代表者です
                    </p>
                    <div>
                      <p>
                        一緒に応募した人: 
                        <b>
                          ABCD, EFGH
                        </b>
                      </p>
                      <styled.p>
                        団体応募代表者がキャンセルすると、メンバー全員がキャンセルされます。
                      </styled.p>
                    </div>
                  </div>,
                  "className": "card-content",
                },
                "ref": null,
                "rendered": Object {
                  "instance": null,
                  "key": undefined,
                  "nodeType": "host",
                  "props": Object {
                    "children": Array [
                      <p>
                        第
                        <b>
                          2
                        </b>
                        公演
                      </p>,
                      <p>
                        抽選結果発表: 
                        <b>
                          09:30:00
                        </b>
                      </p>,
                      <p>
                        団体応募代表者です
                      </p>,
                      false,
                      <div>
                        <p>
                          一緒に応募した人: 
                          <b>
                            ABCD, EFGH
                          </b>
                        </p>
                        <styled.p>
                          団体応募代表者がキャンセルすると、メンバー全員がキャンセルされます。
                        </styled.p>
                      </div>,
                    ],
                    "className": "content",
                    "data-test": "applicationlist-body",
                  },
                  "ref": null,
                  "rendered": Array [
                    Object {
                      "instance": null,
                      "key": undefined,
                      "nodeType": "host",
                      "props": Object {
                        "children": Array [
                          "第",
                          <b>
                            2
                          </b>,
                          "公演",
                        ],
                      },
                      "ref": null,
                      "rendered": Array [
                        "第",
                        Object {
                          "instance": null,
                          "key": undefined,
                          "nodeType": "host",
                          "props": Object {
                            "children": 2,
                          },
                          "ref": null,
                          "rendered": 2,
                          "type": "b",
                        },
                        "公演",
                      ],
                      "type": "p",
                    },
                    Object {
                      "instance": null,
                      "key": undefined,
                      "nodeType": "host",
                      "props": Object {
                        "children": Array [
                          "抽選結果発表: ",
                          <b>
                            09:30:00
                          </b>,
                        ],
                      },
                      "ref": null,
                      "rendered": Array [
                        "抽選結果発表: ",
                        Object {
                          "instance": null,
                          "key": undefined,
                          "nodeType": "host",
                          "props": Object {
                            "children": "09:30:00",
                          },
                          "ref": null,
                          "rendered": "09:30:00",
                          "type": "b",
                        },
                      ],
                      "type": "p",
                    },
                    Object {
                      "instance": null,
                      "key": undefined,
                      "nodeType": "host",
                      "props": Object {
                        "children": "団体応募代表者です",
                      },
                      "ref": null,
                      "rendered": "団体応募代表者です",
                      "type": "p",
                    },
                    false,
                    Object {
                      "instance": null,
                      "key": undefined,
                      "nodeType": "host",
                      "props": Object {
                        "children": Array [
                          <p>
                            一緒に応募した人: 
                            <b>
                              ABCD, EFGH
                            </b>
                          </p>,
                          <styled.p>
                            団体応募代表者がキャンセルすると、メンバー全員がキャンセルされます。
                          </styled.p>,
                        ],
                      },
                      "ref": null,
                      "rendered": Array [
                        Object {
                          "instance": null,
                          "key": undefined,
                          "nodeType": "host",
                          "props": Object {
                            "children": Array [
                              "一緒に応募した人: ",
                              <b>
                                ABCD, EFGH
                              </b>,
                            ],
                          },
                          "ref": null,
                          "rendered": Array [
                            "一緒に応募した人: ",
                            Object {
                              "instance": null,
                              "key": undefined,
                              "nodeType": "host",
                              "props": Object {
                                "children": "ABCD, EFGH",
                              },
                              "ref": null,
                              "rendered": "ABCD, EFGH",
                              "type": "b",
                            },
                          ],
                          "type": "p",
                        },
                        Object {
                          "instance": null,
                          "key": undefined,
                          "nodeType": "class",
                          "props": Object {
                            "children": "団体応募代表者がキャンセルすると、メンバー全員がキャンセルされます。",
                          },
                          "ref": null,
                          "rendered": "団体応募代表者がキャンセルすると、メンバー全員がキャンセルされます。",
                          "type": [Function],
                        },
                      ],
                      "type": "div",
                    },
                  ],
                  "type": "div",
                },
                "type": "div",
              },
              Object {
                "instance": null,
                "key": undefined,
                "nodeType": "host",
                "props": Object {
                  "children": <a
                    className="card-footer-item has-text-danger"
                    data-test="applicationlist-cancel"
                    onClick={[Function]}
                  >
                    キャンセル
                  </a>,
                  "className": "card-footer",
                },
                "ref": null,
                "rendered": Object {
                  "instance": null,
                  "key": undefined,
                  "nodeType": "host",
                  "props": Object {
                    "children": "キャンセル",
                    "className": "card-footer-item has-text-danger",
                    "data-test": "applicationlist-cancel",
                    "onClick": [Function],
                  },
                  "ref": null,
                  "rendered": "キャンセル",
                  "type": "a",
                },
                "type": "footer",
              },
            ],
            "type": "div",
          },
          "type": "div",
        },
      ],
      "type": "div",
    },
  ],
  Symbol(enzyme.__options__): Object {
    "adapter": ReactSixteenAdapter {
      "options": Object {
        "enableComponentDidUpdateOnSetState": true,
        "lifecycles": Object {
          "componentDidUpdate": Object {
            "onSetState": true,
          },
          "getDerivedStateFromProps": true,
          "getSnapshotBeforeUpdate": true,
          "setState": Object {
            "skipsComponentDidUpdateOnNullish": true,
          },
        },
      },
    },
    "attachTo": undefined,
    "hydrateIn": undefined,
  },
}
`;
