// Jest Snapshot v1, https://goo.gl/fbAQLP

exports[`components ClassroomSelect render 1`] = `
ShallowWrapper {
  "length": 1,
  Symbol(enzyme.__root__): [Circular],
  Symbol(enzyme.__unrendered__): <ClassroomSelect
    list={
      Array [
        Object {
          "grade": 5,
          "id": 1,
          "index": 0,
          "name": "A",
        },
        Object {
          "grade": 5,
          "id": 2,
          "index": 1,
          "name": "B",
        },
      ]
    }
    onChange={[MockFunction]}
    value={0}
  />,
  Symbol(enzyme.__renderer__): Object {
    "batchedUpdates": [Function],
    "getNode": [Function],
    "render": [Function],
    "simulateEvent": [Function],
    "unmount": [Function],
  },
  Symbol(enzyme.__node__): Object {
    "instance": null,
    "key": undefined,
    "nodeType": "host",
    "props": Object {
      "children": Array [
        <option
          data-test="classroom-option"
          value={1}
        >
          5
           
          A
        </option>,
        <option
          data-test="classroom-option"
          value={2}
        >
          5
           
          B
        </option>,
      ],
      "data-test": "classroom-select",
      "name": "classrooms",
      "onChange": [Function],
      "value": 0,
    },
    "ref": null,
    "rendered": Array [
      Object {
        "instance": null,
        "key": undefined,
        "nodeType": "host",
        "props": Object {
          "children": Array [
            5,
            " ",
            "A",
          ],
          "data-test": "classroom-option",
          "value": 1,
        },
        "ref": null,
        "rendered": Array [
          5,
          " ",
          "A",
        ],
        "type": "option",
      },
      Object {
        "instance": null,
        "key": undefined,
        "nodeType": "host",
        "props": Object {
          "children": Array [
            5,
            " ",
            "B",
          ],
          "data-test": "classroom-option",
          "value": 2,
        },
        "ref": null,
        "rendered": Array [
          5,
          " ",
          "B",
        ],
        "type": "option",
      },
    ],
    "type": "select",
  },
  Symbol(enzyme.__nodes__): Array [
    Object {
      "instance": null,
      "key": undefined,
      "nodeType": "host",
      "props": Object {
        "children": Array [
          <option
            data-test="classroom-option"
            value={1}
          >
            5
             
            A
          </option>,
          <option
            data-test="classroom-option"
            value={2}
          >
            5
             
            B
          </option>,
        ],
        "data-test": "classroom-select",
        "name": "classrooms",
        "onChange": [Function],
        "value": 0,
      },
      "ref": null,
      "rendered": Array [
        Object {
          "instance": null,
          "key": undefined,
          "nodeType": "host",
          "props": Object {
            "children": Array [
              5,
              " ",
              "A",
            ],
            "data-test": "classroom-option",
            "value": 1,
          },
          "ref": null,
          "rendered": Array [
            5,
            " ",
            "A",
          ],
          "type": "option",
        },
        Object {
          "instance": null,
          "key": undefined,
          "nodeType": "host",
          "props": Object {
            "children": Array [
              5,
              " ",
              "B",
            ],
            "data-test": "classroom-option",
            "value": 2,
          },
          "ref": null,
          "rendered": Array [
            5,
            " ",
            "B",
          ],
          "type": "option",
        },
      ],
      "type": "select",
    },
  ],
  Symbol(enzyme.__options__): Object {
    "adapter": ReactSixteenAdapter {
      "options": Object {
        "enableComponentDidUpdateOnSetState": true,
      },
    },
  },
}
`;
