// Jest Snapshot v1, https://goo.gl/fbAQLP

exports[`components ErrorList render 1`] = `
ShallowWrapper {
  Symbol(enzyme.__root__): [Circular],
  Symbol(enzyme.__unrendered__): <ErrorList
    list={
      Array [
        Object {
          "message": "Error 1",
        },
        Object {
          "message": "Error 2",
        },
      ]
    }
  />,
  Symbol(enzyme.__renderer__): Object {
    "batchedUpdates": [Function],
    "getNode": [Function],
    "render": [Function],
    "simulateEvent": [Function],
    "unmount": [Function],
  },
  Symbol(enzyme.__node__): Object {
    "instance": null,
    "key": undefined,
    "nodeType": "class",
    "props": Object {
      "children": Array [
        <article
          className="message is-danger"
          data-test="errorlist-error"
        >
          <div
            className="message-header"
          >
            <p>
              エラーが発生しました
            </p>
            <button
              aria-label="delete"
              className="delete"
              onClick={[Function]}
            />
          </div>
          <div
            className="message-body"
          >
            {"message":"Error 1"}
          </div>
        </article>,
        <article
          className="message is-danger"
          data-test="errorlist-error"
        >
          <div
            className="message-header"
          >
            <p>
              エラーが発生しました
            </p>
            <button
              aria-label="delete"
              className="delete"
              onClick={[Function]}
            />
          </div>
          <div
            className="message-body"
          >
            {"message":"Error 2"}
          </div>
        </article>,
      ],
      "data-test": "errorlist",
    },
    "ref": null,
    "rendered": Array [
      Object {
        "instance": null,
        "key": "0",
        "nodeType": "host",
        "props": Object {
          "children": Array [
            <div
              className="message-header"
            >
              <p>
                エラーが発生しました
              </p>
              <button
                aria-label="delete"
                className="delete"
                onClick={[Function]}
              />
            </div>,
            <div
              className="message-body"
            >
              {"message":"Error 1"}
            </div>,
          ],
          "className": "message is-danger",
          "data-test": "errorlist-error",
        },
        "ref": null,
        "rendered": Array [
          Object {
            "instance": null,
            "key": undefined,
            "nodeType": "host",
            "props": Object {
              "children": Array [
                <p>
                  エラーが発生しました
                </p>,
                <button
                  aria-label="delete"
                  className="delete"
                  onClick={[Function]}
                />,
              ],
              "className": "message-header",
            },
            "ref": null,
            "rendered": Array [
              Object {
                "instance": null,
                "key": undefined,
                "nodeType": "host",
                "props": Object {
                  "children": "エラーが発生しました",
                },
                "ref": null,
                "rendered": "エラーが発生しました",
                "type": "p",
              },
              Object {
                "instance": null,
                "key": undefined,
                "nodeType": "host",
                "props": Object {
                  "aria-label": "delete",
                  "className": "delete",
                  "onClick": [Function],
                },
                "ref": null,
                "rendered": null,
                "type": "button",
              },
            ],
            "type": "div",
          },
          Object {
            "instance": null,
            "key": undefined,
            "nodeType": "host",
            "props": Object {
              "children": "{\\"message\\":\\"Error 1\\"}",
              "className": "message-body",
            },
            "ref": null,
            "rendered": "{\\"message\\":\\"Error 1\\"}",
            "type": "div",
          },
        ],
        "type": "article",
      },
      Object {
        "instance": null,
        "key": "1",
        "nodeType": "host",
        "props": Object {
          "children": Array [
            <div
              className="message-header"
            >
              <p>
                エラーが発生しました
              </p>
              <button
                aria-label="delete"
                className="delete"
                onClick={[Function]}
              />
            </div>,
            <div
              className="message-body"
            >
              {"message":"Error 2"}
            </div>,
          ],
          "className": "message is-danger",
          "data-test": "errorlist-error",
        },
        "ref": null,
        "rendered": Array [
          Object {
            "instance": null,
            "key": undefined,
            "nodeType": "host",
            "props": Object {
              "children": Array [
                <p>
                  エラーが発生しました
                </p>,
                <button
                  aria-label="delete"
                  className="delete"
                  onClick={[Function]}
                />,
              ],
              "className": "message-header",
            },
            "ref": null,
            "rendered": Array [
              Object {
                "instance": null,
                "key": undefined,
                "nodeType": "host",
                "props": Object {
                  "children": "エラーが発生しました",
                },
                "ref": null,
                "rendered": "エラーが発生しました",
                "type": "p",
              },
              Object {
                "instance": null,
                "key": undefined,
                "nodeType": "host",
                "props": Object {
                  "aria-label": "delete",
                  "className": "delete",
                  "onClick": [Function],
                },
                "ref": null,
                "rendered": null,
                "type": "button",
              },
            ],
            "type": "div",
          },
          Object {
            "instance": null,
            "key": undefined,
            "nodeType": "host",
            "props": Object {
              "children": "{\\"message\\":\\"Error 2\\"}",
              "className": "message-body",
            },
            "ref": null,
            "rendered": "{\\"message\\":\\"Error 2\\"}",
            "type": "div",
          },
        ],
        "type": "article",
      },
    ],
    "type": [Function],
  },
  Symbol(enzyme.__nodes__): Array [
    Object {
      "instance": null,
      "key": undefined,
      "nodeType": "class",
      "props": Object {
        "children": Array [
          <article
            className="message is-danger"
            data-test="errorlist-error"
          >
            <div
              className="message-header"
            >
              <p>
                エラーが発生しました
              </p>
              <button
                aria-label="delete"
                className="delete"
                onClick={[Function]}
              />
            </div>
            <div
              className="message-body"
            >
              {"message":"Error 1"}
            </div>
          </article>,
          <article
            className="message is-danger"
            data-test="errorlist-error"
          >
            <div
              className="message-header"
            >
              <p>
                エラーが発生しました
              </p>
              <button
                aria-label="delete"
                className="delete"
                onClick={[Function]}
              />
            </div>
            <div
              className="message-body"
            >
              {"message":"Error 2"}
            </div>
          </article>,
        ],
        "data-test": "errorlist",
      },
      "ref": null,
      "rendered": Array [
        Object {
          "instance": null,
          "key": "0",
          "nodeType": "host",
          "props": Object {
            "children": Array [
              <div
                className="message-header"
              >
                <p>
                  エラーが発生しました
                </p>
                <button
                  aria-label="delete"
                  className="delete"
                  onClick={[Function]}
                />
              </div>,
              <div
                className="message-body"
              >
                {"message":"Error 1"}
              </div>,
            ],
            "className": "message is-danger",
            "data-test": "errorlist-error",
          },
          "ref": null,
          "rendered": Array [
            Object {
              "instance": null,
              "key": undefined,
              "nodeType": "host",
              "props": Object {
                "children": Array [
                  <p>
                    エラーが発生しました
                  </p>,
                  <button
                    aria-label="delete"
                    className="delete"
                    onClick={[Function]}
                  />,
                ],
                "className": "message-header",
              },
              "ref": null,
              "rendered": Array [
                Object {
                  "instance": null,
                  "key": undefined,
                  "nodeType": "host",
                  "props": Object {
                    "children": "エラーが発生しました",
                  },
                  "ref": null,
                  "rendered": "エラーが発生しました",
                  "type": "p",
                },
                Object {
                  "instance": null,
                  "key": undefined,
                  "nodeType": "host",
                  "props": Object {
                    "aria-label": "delete",
                    "className": "delete",
                    "onClick": [Function],
                  },
                  "ref": null,
                  "rendered": null,
                  "type": "button",
                },
              ],
              "type": "div",
            },
            Object {
              "instance": null,
              "key": undefined,
              "nodeType": "host",
              "props": Object {
                "children": "{\\"message\\":\\"Error 1\\"}",
                "className": "message-body",
              },
              "ref": null,
              "rendered": "{\\"message\\":\\"Error 1\\"}",
              "type": "div",
            },
          ],
          "type": "article",
        },
        Object {
          "instance": null,
          "key": "1",
          "nodeType": "host",
          "props": Object {
            "children": Array [
              <div
                className="message-header"
              >
                <p>
                  エラーが発生しました
                </p>
                <button
                  aria-label="delete"
                  className="delete"
                  onClick={[Function]}
                />
              </div>,
              <div
                className="message-body"
              >
                {"message":"Error 2"}
              </div>,
            ],
            "className": "message is-danger",
            "data-test": "errorlist-error",
          },
          "ref": null,
          "rendered": Array [
            Object {
              "instance": null,
              "key": undefined,
              "nodeType": "host",
              "props": Object {
                "children": Array [
                  <p>
                    エラーが発生しました
                  </p>,
                  <button
                    aria-label="delete"
                    className="delete"
                    onClick={[Function]}
                  />,
                ],
                "className": "message-header",
              },
              "ref": null,
              "rendered": Array [
                Object {
                  "instance": null,
                  "key": undefined,
                  "nodeType": "host",
                  "props": Object {
                    "children": "エラーが発生しました",
                  },
                  "ref": null,
                  "rendered": "エラーが発生しました",
                  "type": "p",
                },
                Object {
                  "instance": null,
                  "key": undefined,
                  "nodeType": "host",
                  "props": Object {
                    "aria-label": "delete",
                    "className": "delete",
                    "onClick": [Function],
                  },
                  "ref": null,
                  "rendered": null,
                  "type": "button",
                },
              ],
              "type": "div",
            },
            Object {
              "instance": null,
              "key": undefined,
              "nodeType": "host",
              "props": Object {
                "children": "{\\"message\\":\\"Error 2\\"}",
                "className": "message-body",
              },
              "ref": null,
              "rendered": "{\\"message\\":\\"Error 2\\"}",
              "type": "div",
            },
          ],
          "type": "article",
        },
      ],
      "type": [Function],
    },
  ],
  Symbol(enzyme.__options__): Object {
    "adapter": ReactSixteenAdapter {
      "options": Object {
        "enableComponentDidUpdateOnSetState": true,
        "lifecycles": Object {
          "componentDidUpdate": Object {
            "onSetState": true,
          },
          "getDerivedStateFromProps": true,
          "getSnapshotBeforeUpdate": true,
          "setState": Object {
            "skipsComponentDidUpdateOnNullish": true,
          },
        },
      },
    },
    "attachTo": undefined,
    "hydrateIn": undefined,
  },
}
`;
