// Jest Snapshot v1, https://goo.gl/fbAQLP

exports[`components ErrorList render 1`] = `
ShallowWrapper {
  "length": 1,
  Symbol(enzyme.__root__): [Circular],
  Symbol(enzyme.__unrendered__): <ErrorList
    list={
        Array [
            Object {
              "message": "Error 1",
            },
            Object {
              "message": "Error 2",
            },
          ]
    }
/>,
  Symbol(enzyme.__renderer__): Object {
    "batchedUpdates": [Function],
    "getNode": [Function],
    "render": [Function],
    "simulateEvent": [Function],
    "unmount": [Function],
  },
  Symbol(enzyme.__node__): Object {
    "instance": null,
    "key": undefined,
    "nodeType": "host",
    "props": Object {
      "children": Array [
        <div
          data-test="errorlist-error"
>
          {"message":"Error 1"}
</div>,
        <div
          data-test="errorlist-error"
>
          {"message":"Error 2"}
</div>,
      ],
      "data-test": "errorlist",
    },
    "ref": null,
    "rendered": Array [
      Object {
        "instance": null,
        "key": "0",
        "nodeType": "host",
        "props": Object {
          "children": "{\\"message\\":\\"Error 1\\"}",
          "data-test": "errorlist-error",
        },
        "ref": null,
        "rendered": "{\\"message\\":\\"Error 1\\"}",
        "type": "div",
      },
      Object {
        "instance": null,
        "key": "1",
        "nodeType": "host",
        "props": Object {
          "children": "{\\"message\\":\\"Error 2\\"}",
          "data-test": "errorlist-error",
        },
        "ref": null,
        "rendered": "{\\"message\\":\\"Error 2\\"}",
        "type": "div",
      },
    ],
    "type": "div",
  },
  Symbol(enzyme.__nodes__): Array [
    Object {
      "instance": null,
      "key": undefined,
      "nodeType": "host",
      "props": Object {
        "children": Array [
          <div
            data-test="errorlist-error"
>
            {"message":"Error 1"}
</div>,
          <div
            data-test="errorlist-error"
>
            {"message":"Error 2"}
</div>,
        ],
        "data-test": "errorlist",
      },
      "ref": null,
      "rendered": Array [
        Object {
          "instance": null,
          "key": "0",
          "nodeType": "host",
          "props": Object {
            "children": "{\\"message\\":\\"Error 1\\"}",
            "data-test": "errorlist-error",
          },
          "ref": null,
          "rendered": "{\\"message\\":\\"Error 1\\"}",
          "type": "div",
        },
        Object {
          "instance": null,
          "key": "1",
          "nodeType": "host",
          "props": Object {
            "children": "{\\"message\\":\\"Error 2\\"}",
            "data-test": "errorlist-error",
          },
          "ref": null,
          "rendered": "{\\"message\\":\\"Error 2\\"}",
          "type": "div",
        },
      ],
      "type": "div",
    },
  ],
  Symbol(enzyme.__options__): Object {
    "adapter": ReactSixteenAdapter {
      "options": Object {
        "enableComponentDidUpdateOnSetState": true,
      },
    },
  },
}
`;
